Circuit: * C:\Users\msaya\Desktop\MA\LTSpice\Simulations\OVK\OV\OV.asc

Warning: Multiple definitions of model "2scr375p" Type: BJT
Warning: Multiple definitions of model "bc857b" Type: BJT
Warning: Multiple definitions of model "bc847c" Type: BJT
Warning: Multiple definitions of model "bc847b" Type: BJT
r50: both pins shorted together -- ignoring.
r14: both pins shorted together -- ignoring.
r17: both pins shorted together -- ignoring.
WARNING: Node N007 is floating.
WARNING: Node N008 is floating.

WARNING: Less than two connections to node vd.  This node is used by v5.
WARNING: Less than two connections to node bias1.  This node is used by r15.
WARNING: Less than two connections to node bias2.  This node is used by r18.
Direct Newton iteration failed to find .op point.  (Use ".option noopiter" to skip.)
Starting Gmin stepping
Gmin = 10
Gmin = 1.07374
Gmin = 0.115292
Gmin = 0.0123794
Gmin = 0.00132923
Gmin = 0.000142725
vernier = 0.5
vernier = 0.666667
Gmin = 4.3448e-05
vernier = 0.888888
Gmin = 7.3703e-06
vernier = 1
Gmin = 8.09366e-07
Gmin = 8.6905e-08
Gmin = 9.33136e-09
Gmin = 1.00195e-09
Gmin = 1.07583e-10
Gmin = 1.15517e-11
Gmin = 1.24035e-12
Gmin = 1.33182e-13
Gmin = 0
Gmin stepping succeeded in finding the operating point.


Date: Thu Jan 16 11:37:30 2025
Total elapsed time: 0.570 seconds.

tnom = 27
temp = 27
method = modified trap
totiter = 10219
traniter = 9528
tranpoints = 3322
accept = 2443
rejected = 879
matrix size = 103
fillins = 65
solver = Normal
Avg thread counts: 1.1/1.2/1.2/1.1
Matrix Compiler1: 12.88 KB object code size  2.9/2.4/[1.8]
Matrix Compiler2: 10.64 KB object code size  2.3/2.2/[0.8]

